ifort -c -o /home/majortom/enhanced_perm_project/obj/global_var_dir.o /home/majortom/enhanced_perm_project/src/src_fort/global_var_dir.f90 -O2 -traceback -debug -qopenmp -xHost -ipo -pg -g -fp-model source  -module /home/majortom/enhanced_perm_project/obj
ifort -c -o /home/majortom/enhanced_perm_project/obj/opkda1.o /home/majortom/enhanced_perm_project/solver_dir/ODEPACK/opkda1.f -O2 -traceback -debug -qopenmp -xHost -ipo -pg -g -fp-model source  -module /home/majortom/enhanced_perm_project/obj
ifort -c -o /home/majortom/enhanced_perm_project/obj/opkda2.o /home/majortom/enhanced_perm_project/solver_dir/ODEPACK/opkda2.f -O2 -traceback -debug -qopenmp -xHost -ipo -pg -g -fp-model source  -module /home/majortom/enhanced_perm_project/obj
ifort -c -o /home/majortom/enhanced_perm_project/obj/opkdmain.o /home/majortom/enhanced_perm_project/solver_dir/ODEPACK/opkdmain.f -O2 -traceback -debug -qopenmp -xHost -ipo -pg -g -fp-model source  -module /home/majortom/enhanced_perm_project/obj
ifort -c -o /home/majortom/enhanced_perm_project/obj/util_eperm.o /home/majortom/enhanced_perm_project/src/src_fort/util_eperm.f90 -O2 -traceback -debug -qopenmp -xHost -ipo -pg -g -fp-model source  -module /home/majortom/enhanced_perm_project/obj
ifort -c -o /home/majortom/enhanced_perm_project/obj/solve_eperm_odepack.o /home/majortom/enhanced_perm_project/src/src_fort/solve_eperm_odepack.f90 -O2 -traceback -debug -qopenmp -xHost -ipo -pg -g -fp-model source  -module /home/majortom/enhanced_perm_project/obj
ifort -o eperm_odepack /home/majortom/enhanced_perm_project/obj/global_var_dir.o /home/majortom/enhanced_perm_project/obj/opkda1.o /home/majortom/enhanced_perm_project/obj/opkda2.o /home/majortom/enhanced_perm_project/obj/opkdmain.o /home/majortom/enhanced_perm_project/obj/util_eperm.o /home/majortom/enhanced_perm_project/obj/solve_eperm_odepack.o -O2 -traceback -debug -qopenmp -xHost -ipo -pg -g -fp-model source  -I/home/majortom/enhanced_perm_project/obj
